Plotted to '/home/runner/work/qulay/qulay/electronics/generated/carrier/prototype-fabrication/carrier-F_Cu.gtl'.
Plotted to '/home/runner/work/qulay/qulay/electronics/generated/carrier/prototype-fabrication/carrier-B_Cu.gbl'.
Plotted to '/home/runner/work/qulay/qulay/electronics/generated/carrier/prototype-fabrication/carrier-F_Adhesive.gta'.
Plotted to '/home/runner/work/qulay/qulay/electronics/generated/carrier/prototype-fabrication/carrier-B_Adhesive.gba'.
Plotted to '/home/runner/work/qulay/qulay/electronics/generated/carrier/prototype-fabrication/carrier-F_Paste.gtp'.
Plotted to '/home/runner/work/qulay/qulay/electronics/generated/carrier/prototype-fabrication/carrier-B_Paste.gbp'.
Plotted to '/home/runner/work/qulay/qulay/electronics/generated/carrier/prototype-fabrication/carrier-F_Silkscreen.gto'.
Plotted to '/home/runner/work/qulay/qulay/electronics/generated/carrier/prototype-fabrication/carrier-B_Silkscreen.gbo'.
Plotted to '/home/runner/work/qulay/qulay/electronics/generated/carrier/prototype-fabrication/carrier-F_Mask.gts'.
Plotted to '/home/runner/work/qulay/qulay/electronics/generated/carrier/prototype-fabrication/carrier-B_Mask.gbs'.
Plotted to '/home/runner/work/qulay/qulay/electronics/generated/carrier/prototype-fabrication/carrier-User_Drawings.gbr'.
Plotted to '/home/runner/work/qulay/qulay/electronics/generated/carrier/prototype-fabrication/carrier-User_Comments.gbr'.
Plotted to '/home/runner/work/qulay/qulay/electronics/generated/carrier/prototype-fabrication/carrier-User_Eco1.gbr'.
Plotted to '/home/runner/work/qulay/qulay/electronics/generated/carrier/prototype-fabrication/carrier-User_Eco2.gbr'.
Plotted to '/home/runner/work/qulay/qulay/electronics/generated/carrier/prototype-fabrication/carrier-Edge_Cuts.gm1'.
Plotted to '/home/runner/work/qulay/qulay/electronics/generated/carrier/prototype-fabrication/carrier-Margin.gbr'.
Plotted to '/home/runner/work/qulay/qulay/electronics/generated/carrier/prototype-fabrication/carrier-F_Courtyard.gbr'.
Plotted to '/home/runner/work/qulay/qulay/electronics/generated/carrier/prototype-fabrication/carrier-B_Courtyard.gbr'.
Plotted to '/home/runner/work/qulay/qulay/electronics/generated/carrier/prototype-fabrication/carrier-F_Fab.gbr'.
Plotted to '/home/runner/work/qulay/qulay/electronics/generated/carrier/prototype-fabrication/carrier-B_Fab.gbr'.
Plotted to '/home/runner/work/qulay/qulay/electronics/generated/carrier/prototype-fabrication/carrier-User_1.gbr'.
Plotted to '/home/runner/work/qulay/qulay/electronics/generated/carrier/prototype-fabrication/carrier-User_2.gbr'.
Plotted to '/home/runner/work/qulay/qulay/electronics/generated/carrier/prototype-fabrication/carrier-User_3.gbr'.
Plotted to '/home/runner/work/qulay/qulay/electronics/generated/carrier/prototype-fabrication/carrier-User_4.gbr'.
