Plotted to '/home/runner/work/qulay/qulay/electronics/generated-r2/carrier_r2/prototype-fabrication/carrier_r2-F_Cu.gtl'.
Plotted to '/home/runner/work/qulay/qulay/electronics/generated-r2/carrier_r2/prototype-fabrication/carrier_r2-B_Cu.gbl'.
Plotted to '/home/runner/work/qulay/qulay/electronics/generated-r2/carrier_r2/prototype-fabrication/carrier_r2-F_Adhesive.gta'.
Plotted to '/home/runner/work/qulay/qulay/electronics/generated-r2/carrier_r2/prototype-fabrication/carrier_r2-B_Adhesive.gba'.
Plotted to '/home/runner/work/qulay/qulay/electronics/generated-r2/carrier_r2/prototype-fabrication/carrier_r2-F_Paste.gtp'.
Plotted to '/home/runner/work/qulay/qulay/electronics/generated-r2/carrier_r2/prototype-fabrication/carrier_r2-B_Paste.gbp'.
Plotted to '/home/runner/work/qulay/qulay/electronics/generated-r2/carrier_r2/prototype-fabrication/carrier_r2-F_Silkscreen.gto'.
Plotted to '/home/runner/work/qulay/qulay/electronics/generated-r2/carrier_r2/prototype-fabrication/carrier_r2-B_Silkscreen.gbo'.
Plotted to '/home/runner/work/qulay/qulay/electronics/generated-r2/carrier_r2/prototype-fabrication/carrier_r2-F_Mask.gts'.
Plotted to '/home/runner/work/qulay/qulay/electronics/generated-r2/carrier_r2/prototype-fabrication/carrier_r2-B_Mask.gbs'.
Plotted to '/home/runner/work/qulay/qulay/electronics/generated-r2/carrier_r2/prototype-fabrication/carrier_r2-User_Drawings.gbr'.
Plotted to '/home/runner/work/qulay/qulay/electronics/generated-r2/carrier_r2/prototype-fabrication/carrier_r2-User_Comments.gbr'.
Plotted to '/home/runner/work/qulay/qulay/electronics/generated-r2/carrier_r2/prototype-fabrication/carrier_r2-User_Eco1.gbr'.
Plotted to '/home/runner/work/qulay/qulay/electronics/generated-r2/carrier_r2/prototype-fabrication/carrier_r2-User_Eco2.gbr'.
Plotted to '/home/runner/work/qulay/qulay/electronics/generated-r2/carrier_r2/prototype-fabrication/carrier_r2-Edge_Cuts.gm1'.
Plotted to '/home/runner/work/qulay/qulay/electronics/generated-r2/carrier_r2/prototype-fabrication/carrier_r2-Margin.gbr'.
Plotted to '/home/runner/work/qulay/qulay/electronics/generated-r2/carrier_r2/prototype-fabrication/carrier_r2-F_Courtyard.gbr'.
Plotted to '/home/runner/work/qulay/qulay/electronics/generated-r2/carrier_r2/prototype-fabrication/carrier_r2-B_Courtyard.gbr'.
Plotted to '/home/runner/work/qulay/qulay/electronics/generated-r2/carrier_r2/prototype-fabrication/carrier_r2-F_Fab.gbr'.
Plotted to '/home/runner/work/qulay/qulay/electronics/generated-r2/carrier_r2/prototype-fabrication/carrier_r2-B_Fab.gbr'.
Plotted to '/home/runner/work/qulay/qulay/electronics/generated-r2/carrier_r2/prototype-fabrication/carrier_r2-User_1.gbr'.
Plotted to '/home/runner/work/qulay/qulay/electronics/generated-r2/carrier_r2/prototype-fabrication/carrier_r2-User_2.gbr'.
Plotted to '/home/runner/work/qulay/qulay/electronics/generated-r2/carrier_r2/prototype-fabrication/carrier_r2-User_3.gbr'.
Plotted to '/home/runner/work/qulay/qulay/electronics/generated-r2/carrier_r2/prototype-fabrication/carrier_r2-User_4.gbr'.
