Plotted to '/home/runner/work/qulay/qulay/electronics/generated/encoder/prototype-fabrication/encoder-F_Cu.gtl'.
Plotted to '/home/runner/work/qulay/qulay/electronics/generated/encoder/prototype-fabrication/encoder-B_Cu.gbl'.
Plotted to '/home/runner/work/qulay/qulay/electronics/generated/encoder/prototype-fabrication/encoder-F_Adhesive.gta'.
Plotted to '/home/runner/work/qulay/qulay/electronics/generated/encoder/prototype-fabrication/encoder-B_Adhesive.gba'.
Plotted to '/home/runner/work/qulay/qulay/electronics/generated/encoder/prototype-fabrication/encoder-F_Paste.gtp'.
Plotted to '/home/runner/work/qulay/qulay/electronics/generated/encoder/prototype-fabrication/encoder-B_Paste.gbp'.
Plotted to '/home/runner/work/qulay/qulay/electronics/generated/encoder/prototype-fabrication/encoder-F_Silkscreen.gto'.
Plotted to '/home/runner/work/qulay/qulay/electronics/generated/encoder/prototype-fabrication/encoder-B_Silkscreen.gbo'.
Plotted to '/home/runner/work/qulay/qulay/electronics/generated/encoder/prototype-fabrication/encoder-F_Mask.gts'.
Plotted to '/home/runner/work/qulay/qulay/electronics/generated/encoder/prototype-fabrication/encoder-B_Mask.gbs'.
Plotted to '/home/runner/work/qulay/qulay/electronics/generated/encoder/prototype-fabrication/encoder-User_Drawings.gbr'.
Plotted to '/home/runner/work/qulay/qulay/electronics/generated/encoder/prototype-fabrication/encoder-User_Comments.gbr'.
Plotted to '/home/runner/work/qulay/qulay/electronics/generated/encoder/prototype-fabrication/encoder-User_Eco1.gbr'.
Plotted to '/home/runner/work/qulay/qulay/electronics/generated/encoder/prototype-fabrication/encoder-User_Eco2.gbr'.
Plotted to '/home/runner/work/qulay/qulay/electronics/generated/encoder/prototype-fabrication/encoder-Edge_Cuts.gm1'.
Plotted to '/home/runner/work/qulay/qulay/electronics/generated/encoder/prototype-fabrication/encoder-Margin.gbr'.
Plotted to '/home/runner/work/qulay/qulay/electronics/generated/encoder/prototype-fabrication/encoder-F_Courtyard.gbr'.
Plotted to '/home/runner/work/qulay/qulay/electronics/generated/encoder/prototype-fabrication/encoder-B_Courtyard.gbr'.
Plotted to '/home/runner/work/qulay/qulay/electronics/generated/encoder/prototype-fabrication/encoder-F_Fab.gbr'.
Plotted to '/home/runner/work/qulay/qulay/electronics/generated/encoder/prototype-fabrication/encoder-B_Fab.gbr'.
Plotted to '/home/runner/work/qulay/qulay/electronics/generated/encoder/prototype-fabrication/encoder-User_1.gbr'.
Plotted to '/home/runner/work/qulay/qulay/electronics/generated/encoder/prototype-fabrication/encoder-User_2.gbr'.
Plotted to '/home/runner/work/qulay/qulay/electronics/generated/encoder/prototype-fabrication/encoder-User_3.gbr'.
Plotted to '/home/runner/work/qulay/qulay/electronics/generated/encoder/prototype-fabrication/encoder-User_4.gbr'.
