19:38:20: Debug: Adding duplicate image handler for 'PNG file'
19:38:20: Debug: Adding duplicate image handler for 'JPEG file'
19:38:20: Debug: Adding duplicate image handler for 'TIFF file'
19:38:20: Debug: Adding duplicate image handler for 'GIF file'
19:38:20: Debug: Adding duplicate image handler for 'PNM file'
19:38:20: Debug: Adding duplicate image handler for 'PCX file'
19:38:20: Debug: Adding duplicate image handler for 'IFF file'
19:38:20: Debug: Adding duplicate image handler for 'Windows icon file'
19:38:20: Debug: Adding duplicate image handler for 'Windows cursor file'
19:38:20: Debug: Adding duplicate image handler for 'Windows animated cursor file'
19:38:20: Debug: Adding duplicate image handler for 'TGA file'
19:38:20: Debug: Adding duplicate image handler for 'XPM file'
19:38:20: Debug: Adding duplicate image handler for 'PNG file'
19:38:20: Debug: Adding duplicate image handler for 'JPEG file'
19:38:20: Debug: Adding duplicate image handler for 'TIFF file'
19:38:20: Debug: Adding duplicate image handler for 'GIF file'
19:38:20: Debug: Adding duplicate image handler for 'PNM file'
19:38:20: Debug: Adding duplicate image handler for 'PCX file'
19:38:20: Debug: Adding duplicate image handler for 'IFF file'
19:38:20: Debug: Adding duplicate image handler for 'Windows icon file'
19:38:20: Debug: Adding duplicate image handler for 'Windows cursor file'
19:38:20: Debug: Adding duplicate image handler for 'Windows animated cursor file'
19:38:20: Debug: Adding duplicate image handler for 'TGA file'
19:38:20: Debug: Adding duplicate image handler for 'XPM file'
19:38:20: Debug: Adding duplicate image handler for 'PNG file'
19:38:20: Debug: Adding duplicate image handler for 'JPEG file'
19:38:20: Debug: Adding duplicate image handler for 'TIFF file'
19:38:20: Debug: Adding duplicate image handler for 'GIF file'
19:38:20: Debug: Adding duplicate image handler for 'PNM file'
19:38:20: Debug: Adding duplicate image handler for 'PCX file'
19:38:20: Debug: Adding duplicate image handler for 'IFF file'
19:38:20: Debug: Adding duplicate image handler for 'Windows icon file'
19:38:20: Debug: Adding duplicate image handler for 'Windows cursor file'
19:38:20: Debug: Adding duplicate image handler for 'Windows animated cursor file'
19:38:20: Debug: Adding duplicate image handler for 'TGA file'
19:38:20: Debug: Adding duplicate image handler for 'XPM file'
KiCad projects generated /home/runner/work/qulay/qulay/electronics/generated
Every PCB pad retains distinct footprint-local coordinates after serialization
