Plotted to '/home/runner/work/qulay/qulay/electronics/generated-r2/force/prototype-fabrication/force-F_Cu.gtl'.
Plotted to '/home/runner/work/qulay/qulay/electronics/generated-r2/force/prototype-fabrication/force-B_Cu.gbl'.
Plotted to '/home/runner/work/qulay/qulay/electronics/generated-r2/force/prototype-fabrication/force-F_Adhesive.gta'.
Plotted to '/home/runner/work/qulay/qulay/electronics/generated-r2/force/prototype-fabrication/force-B_Adhesive.gba'.
Plotted to '/home/runner/work/qulay/qulay/electronics/generated-r2/force/prototype-fabrication/force-F_Paste.gtp'.
Plotted to '/home/runner/work/qulay/qulay/electronics/generated-r2/force/prototype-fabrication/force-B_Paste.gbp'.
Plotted to '/home/runner/work/qulay/qulay/electronics/generated-r2/force/prototype-fabrication/force-F_Silkscreen.gto'.
Plotted to '/home/runner/work/qulay/qulay/electronics/generated-r2/force/prototype-fabrication/force-B_Silkscreen.gbo'.
Plotted to '/home/runner/work/qulay/qulay/electronics/generated-r2/force/prototype-fabrication/force-F_Mask.gts'.
Plotted to '/home/runner/work/qulay/qulay/electronics/generated-r2/force/prototype-fabrication/force-B_Mask.gbs'.
Plotted to '/home/runner/work/qulay/qulay/electronics/generated-r2/force/prototype-fabrication/force-User_Drawings.gbr'.
Plotted to '/home/runner/work/qulay/qulay/electronics/generated-r2/force/prototype-fabrication/force-User_Comments.gbr'.
Plotted to '/home/runner/work/qulay/qulay/electronics/generated-r2/force/prototype-fabrication/force-User_Eco1.gbr'.
Plotted to '/home/runner/work/qulay/qulay/electronics/generated-r2/force/prototype-fabrication/force-User_Eco2.gbr'.
Plotted to '/home/runner/work/qulay/qulay/electronics/generated-r2/force/prototype-fabrication/force-Edge_Cuts.gm1'.
Plotted to '/home/runner/work/qulay/qulay/electronics/generated-r2/force/prototype-fabrication/force-Margin.gbr'.
Plotted to '/home/runner/work/qulay/qulay/electronics/generated-r2/force/prototype-fabrication/force-F_Courtyard.gbr'.
Plotted to '/home/runner/work/qulay/qulay/electronics/generated-r2/force/prototype-fabrication/force-B_Courtyard.gbr'.
Plotted to '/home/runner/work/qulay/qulay/electronics/generated-r2/force/prototype-fabrication/force-F_Fab.gbr'.
Plotted to '/home/runner/work/qulay/qulay/electronics/generated-r2/force/prototype-fabrication/force-B_Fab.gbr'.
Plotted to '/home/runner/work/qulay/qulay/electronics/generated-r2/force/prototype-fabrication/force-User_1.gbr'.
Plotted to '/home/runner/work/qulay/qulay/electronics/generated-r2/force/prototype-fabrication/force-User_2.gbr'.
Plotted to '/home/runner/work/qulay/qulay/electronics/generated-r2/force/prototype-fabrication/force-User_3.gbr'.
Plotted to '/home/runner/work/qulay/qulay/electronics/generated-r2/force/prototype-fabrication/force-User_4.gbr'.
