
  .   ____          _            __ _ _
 /\\ / ___'_ __ _ _(_)_ __  __ _ \ \ \ \
( ( )\___ | '_ | '_| | '_ \/ _` | \ \ \ \
 \\/  ___)| |_)| | | | | || (_| |  ) ) ) )
  '  |____| .__|_| |_|_| |_\__, | / / / /
 =========|_|==============|___/=/_/_/_/

 :: Spring Boot ::               (v3.5.16)

2026-10-04T11:15:03.796Z  INFO 2776 --- [           main] org.qulay.server.ServerApp               : Starting ServerApp v0.1.0 using Java 21.0.12.1 with PID 2776 (/home/runner/work/qulay/qulay/software/server/target/server-0.1.0.jar started by runner in /home/runner/work/qulay/qulay)
2026-10-04T11:15:03.803Z  INFO 2776 --- [           main] org.qulay.server.ServerApp               : No active profile set, falling back to 1 default profile: "default"
2026-10-04T11:15:04.724Z  INFO 2776 --- [           main] o.s.b.w.embedded.tomcat.TomcatWebServer  : Tomcat initialized with port 18082 (http)
2026-10-04T11:15:04.741Z  INFO 2776 --- [           main] o.apache.catalina.core.StandardService   : Starting service [Tomcat]
2026-10-04T11:15:04.741Z  INFO 2776 --- [           main] o.apache.catalina.core.StandardEngine    : Starting Servlet engine: [Apache Tomcat/10.1.55]
2026-10-04T11:15:04.768Z  INFO 2776 --- [           main] o.a.c.c.C.[Tomcat].[localhost].[/]       : Initializing Spring embedded WebApplicationContext
2026-10-04T11:15:04.769Z  INFO 2776 --- [           main] w.s.c.ServletWebServerApplicationContext : Root WebApplicationContext: initialization completed in 888 ms
2026-10-04T11:15:04.893Z  INFO 2776 --- [           main] o.s.b.a.w.s.WelcomePageHandlerMapping    : Adding welcome page: class path resource [static/index.html]
2026-10-04T11:15:05.147Z  INFO 2776 --- [           main] o.s.b.w.embedded.tomcat.TomcatWebServer  : Tomcat started on port 18082 (http) with context path '/'
2026-10-04T11:15:05.166Z  INFO 2776 --- [           main] org.qulay.server.ServerApp               : Started ServerApp in 1.857 seconds (process running for 2.306)
2026-10-04T11:15:05.199Z  INFO 2776 --- [.1-18082-exec-1] o.a.c.c.C.[Tomcat].[localhost].[/]       : Initializing Spring DispatcherServlet 'dispatcherServlet'
2026-10-04T11:15:05.199Z  INFO 2776 --- [.1-18082-exec-1] o.s.web.servlet.DispatcherServlet        : Initializing Servlet 'dispatcherServlet'
2026-10-04T11:15:05.200Z  INFO 2776 --- [.1-18082-exec-1] o.s.web.servlet.DispatcherServlet        : Completed initialization in 1 ms
2026-10-04T11:15:05.430Z  INFO 2776 --- [ionShutdownHook] o.s.b.w.e.tomcat.GracefulShutdown        : Commencing graceful shutdown. Waiting for active requests to complete
2026-10-04T11:15:05.435Z  INFO 2776 --- [tomcat-shutdown] o.s.b.w.e.tomcat.GracefulShutdown        : Graceful shutdown complete
