Plotted to '/home/runner/work/qulay/qulay/electronics/generated-r2/power_good/prototype-fabrication/power_good-F_Cu.gtl'.
Plotted to '/home/runner/work/qulay/qulay/electronics/generated-r2/power_good/prototype-fabrication/power_good-B_Cu.gbl'.
Plotted to '/home/runner/work/qulay/qulay/electronics/generated-r2/power_good/prototype-fabrication/power_good-F_Adhesive.gta'.
Plotted to '/home/runner/work/qulay/qulay/electronics/generated-r2/power_good/prototype-fabrication/power_good-B_Adhesive.gba'.
Plotted to '/home/runner/work/qulay/qulay/electronics/generated-r2/power_good/prototype-fabrication/power_good-F_Paste.gtp'.
Plotted to '/home/runner/work/qulay/qulay/electronics/generated-r2/power_good/prototype-fabrication/power_good-B_Paste.gbp'.
Plotted to '/home/runner/work/qulay/qulay/electronics/generated-r2/power_good/prototype-fabrication/power_good-F_Silkscreen.gto'.
Plotted to '/home/runner/work/qulay/qulay/electronics/generated-r2/power_good/prototype-fabrication/power_good-B_Silkscreen.gbo'.
Plotted to '/home/runner/work/qulay/qulay/electronics/generated-r2/power_good/prototype-fabrication/power_good-F_Mask.gts'.
Plotted to '/home/runner/work/qulay/qulay/electronics/generated-r2/power_good/prototype-fabrication/power_good-B_Mask.gbs'.
Plotted to '/home/runner/work/qulay/qulay/electronics/generated-r2/power_good/prototype-fabrication/power_good-User_Drawings.gbr'.
Plotted to '/home/runner/work/qulay/qulay/electronics/generated-r2/power_good/prototype-fabrication/power_good-User_Comments.gbr'.
Plotted to '/home/runner/work/qulay/qulay/electronics/generated-r2/power_good/prototype-fabrication/power_good-User_Eco1.gbr'.
Plotted to '/home/runner/work/qulay/qulay/electronics/generated-r2/power_good/prototype-fabrication/power_good-User_Eco2.gbr'.
Plotted to '/home/runner/work/qulay/qulay/electronics/generated-r2/power_good/prototype-fabrication/power_good-Edge_Cuts.gm1'.
Plotted to '/home/runner/work/qulay/qulay/electronics/generated-r2/power_good/prototype-fabrication/power_good-Margin.gbr'.
Plotted to '/home/runner/work/qulay/qulay/electronics/generated-r2/power_good/prototype-fabrication/power_good-F_Courtyard.gbr'.
Plotted to '/home/runner/work/qulay/qulay/electronics/generated-r2/power_good/prototype-fabrication/power_good-B_Courtyard.gbr'.
Plotted to '/home/runner/work/qulay/qulay/electronics/generated-r2/power_good/prototype-fabrication/power_good-F_Fab.gbr'.
Plotted to '/home/runner/work/qulay/qulay/electronics/generated-r2/power_good/prototype-fabrication/power_good-B_Fab.gbr'.
Plotted to '/home/runner/work/qulay/qulay/electronics/generated-r2/power_good/prototype-fabrication/power_good-User_1.gbr'.
Plotted to '/home/runner/work/qulay/qulay/electronics/generated-r2/power_good/prototype-fabrication/power_good-User_2.gbr'.
Plotted to '/home/runner/work/qulay/qulay/electronics/generated-r2/power_good/prototype-fabrication/power_good-User_3.gbr'.
Plotted to '/home/runner/work/qulay/qulay/electronics/generated-r2/power_good/prototype-fabrication/power_good-User_4.gbr'.
