Plotted to '/home/runner/work/qulay/qulay/electronics/generated-r2/adc/prototype-fabrication/adc-F_Cu.gtl'.
Plotted to '/home/runner/work/qulay/qulay/electronics/generated-r2/adc/prototype-fabrication/adc-B_Cu.gbl'.
Plotted to '/home/runner/work/qulay/qulay/electronics/generated-r2/adc/prototype-fabrication/adc-F_Adhesive.gta'.
Plotted to '/home/runner/work/qulay/qulay/electronics/generated-r2/adc/prototype-fabrication/adc-B_Adhesive.gba'.
Plotted to '/home/runner/work/qulay/qulay/electronics/generated-r2/adc/prototype-fabrication/adc-F_Paste.gtp'.
Plotted to '/home/runner/work/qulay/qulay/electronics/generated-r2/adc/prototype-fabrication/adc-B_Paste.gbp'.
Plotted to '/home/runner/work/qulay/qulay/electronics/generated-r2/adc/prototype-fabrication/adc-F_Silkscreen.gto'.
Plotted to '/home/runner/work/qulay/qulay/electronics/generated-r2/adc/prototype-fabrication/adc-B_Silkscreen.gbo'.
Plotted to '/home/runner/work/qulay/qulay/electronics/generated-r2/adc/prototype-fabrication/adc-F_Mask.gts'.
Plotted to '/home/runner/work/qulay/qulay/electronics/generated-r2/adc/prototype-fabrication/adc-B_Mask.gbs'.
Plotted to '/home/runner/work/qulay/qulay/electronics/generated-r2/adc/prototype-fabrication/adc-User_Drawings.gbr'.
Plotted to '/home/runner/work/qulay/qulay/electronics/generated-r2/adc/prototype-fabrication/adc-User_Comments.gbr'.
Plotted to '/home/runner/work/qulay/qulay/electronics/generated-r2/adc/prototype-fabrication/adc-User_Eco1.gbr'.
Plotted to '/home/runner/work/qulay/qulay/electronics/generated-r2/adc/prototype-fabrication/adc-User_Eco2.gbr'.
Plotted to '/home/runner/work/qulay/qulay/electronics/generated-r2/adc/prototype-fabrication/adc-Edge_Cuts.gm1'.
Plotted to '/home/runner/work/qulay/qulay/electronics/generated-r2/adc/prototype-fabrication/adc-Margin.gbr'.
Plotted to '/home/runner/work/qulay/qulay/electronics/generated-r2/adc/prototype-fabrication/adc-F_Courtyard.gbr'.
Plotted to '/home/runner/work/qulay/qulay/electronics/generated-r2/adc/prototype-fabrication/adc-B_Courtyard.gbr'.
Plotted to '/home/runner/work/qulay/qulay/electronics/generated-r2/adc/prototype-fabrication/adc-F_Fab.gbr'.
Plotted to '/home/runner/work/qulay/qulay/electronics/generated-r2/adc/prototype-fabrication/adc-B_Fab.gbr'.
Plotted to '/home/runner/work/qulay/qulay/electronics/generated-r2/adc/prototype-fabrication/adc-User_1.gbr'.
Plotted to '/home/runner/work/qulay/qulay/electronics/generated-r2/adc/prototype-fabrication/adc-User_2.gbr'.
Plotted to '/home/runner/work/qulay/qulay/electronics/generated-r2/adc/prototype-fabrication/adc-User_3.gbr'.
Plotted to '/home/runner/work/qulay/qulay/electronics/generated-r2/adc/prototype-fabrication/adc-User_4.gbr'.
